// Jest Snapshot v1, https://goo.gl/fbAQLP

exports[`zos-tso stop should display the help 1`] = `
"
 DESCRIPTION
 -----------

   Stop TSO/E address space

 USAGE
 -----

   zowe zos-tso stop <command>

   Where <command> is one of the following:

 COMMANDS
 --------

   address-space | as Stop a TSO address space, from which you previously started
                      and received a token (a.k.a 'servlet-key').                

 GLOBAL OPTIONS
 --------------

   --response-format-json  | --rfj (boolean)

      Produce JSON formatted data from a command

   --help  | -h (boolean)

      Display help text

{
  \\"success\\": true,
  \\"message\\": \\"The help was constructed for command: stop.\\",
  \\"stdout\\": \\"\\\\n DESCRIPTION\\\\n -----------\\\\n\\\\n   Stop TSO/E address space\\\\n\\\\n USAGE\\\\n -----\\\\n\\\\n   zowe zos-tso stop <command>\\\\n\\\\n   Where <command> is one of the following:\\\\n\\\\n COMMANDS\\\\n --------\\\\n\\\\n   address-space | as Stop a TSO address space, from which you previously started\\\\n                      and received a token (a.k.a 'servlet-key').                \\\\n\\\\n GLOBAL OPTIONS\\\\n --------------\\\\n\\\\n   --response-format-json  | --rfj (boolean)\\\\n\\\\n      Produce JSON formatted data from a command\\\\n\\\\n   --help  | -h (boolean)\\\\n\\\\n      Display help text\\\\n\\\\n\\",
  \\"stderr\\": \\"\\",
  \\"data\\": \\"\\\\n DESCRIPTION\\\\n -----------\\\\n\\\\n   Stop TSO/E address space\\\\n\\\\n USAGE\\\\n -----\\\\n\\\\n   zowe zos-tso stop <command>\\\\n\\\\n   Where <command> is one of the following:\\\\n\\\\n COMMANDS\\\\n --------\\\\n\\\\n   address-space | as Stop a TSO address space, from which you previously started\\\\n                      and received a token (a.k.a 'servlet-key').                \\\\n\\\\n GLOBAL OPTIONS\\\\n --------------\\\\n\\\\n   --response-format-json  | --rfj (boolean)\\\\n\\\\n      Produce JSON formatted data from a command\\\\n\\\\n   --help  | -h (boolean)\\\\n\\\\n      Display help text\\\\n\\\\n\\"
}"
`;

exports[`zos-tso stop should fail with invalid option 1`] = `
"Command Error:
Unknown argument: foo-bar
Command failed due to improper syntax
Command entered: \\"zowe zos-tso start as --foo-bar true --fooBar true\\"
Available commands are \\"address-space\\".
Use \\"zowe zos-tso start --help\\" to view groups, commands, and options.
Error Details:
Unknown argument: foo-bar
"
`;

exports[`zos-tso stop should fail with invalid option 2`] = `
"================Z/OS CONSOLE INVALID PARAMETERS===============
"
`;

exports[`zos-tso stop should fail with invalid parameter 1`] = `
"Command Error:
Unknown argument: foobar
Command failed due to improper syntax
Command entered: \\"zowe zos-tso stop foobar\\"
Available commands are \\"address-space\\".
Use \\"zowe zos-tso stop --help\\" to view groups, commands, and options.
Error Details:
Unknown argument: foobar
"
`;

exports[`zos-tso stop should fail with invalid parameter 2`] = `
"================Z/OS CONSOLE INVALID PARAMETERS===============
"
`;
