// Jest Snapshot v1, https://goo.gl/fbAQLP

exports[`provisioning provision should display the help 1`] = `
"
 DESCRIPTION
 -----------

   Using z/OSMF cloud provisioning services provision available templates.

 USAGE
 -----

   zowe provisioning provision <command>

   Where <command> is one of the following:

 COMMANDS
 --------

   template | tem Provision a published software service template.

 GLOBAL OPTIONS
 --------------

   --response-format-json  | --rfj (boolean)

      Produce JSON formatted data from a command

   --help  | -h (boolean)

      Display help text

{
  \\"success\\": true,
  \\"message\\": \\"The help was constructed for command: provision.\\",
  \\"stdout\\": \\"\\\\n DESCRIPTION\\\\n -----------\\\\n\\\\n   Using z/OSMF cloud provisioning services provision available templates.\\\\n\\\\n USAGE\\\\n -----\\\\n\\\\n   zowe provisioning provision <command>\\\\n\\\\n   Where <command> is one of the following:\\\\n\\\\n COMMANDS\\\\n --------\\\\n\\\\n   template | tem Provision a published software service template.\\\\n\\\\n GLOBAL OPTIONS\\\\n --------------\\\\n\\\\n   --response-format-json  | --rfj (boolean)\\\\n\\\\n      Produce JSON formatted data from a command\\\\n\\\\n   --help  | -h (boolean)\\\\n\\\\n      Display help text\\\\n\\\\n\\",
  \\"stderr\\": \\"\\",
  \\"data\\": \\"\\\\n DESCRIPTION\\\\n -----------\\\\n\\\\n   Using z/OSMF cloud provisioning services provision available templates.\\\\n\\\\n USAGE\\\\n -----\\\\n\\\\n   zowe provisioning provision <command>\\\\n\\\\n   Where <command> is one of the following:\\\\n\\\\n COMMANDS\\\\n --------\\\\n\\\\n   template | tem Provision a published software service template.\\\\n\\\\n GLOBAL OPTIONS\\\\n --------------\\\\n\\\\n   --response-format-json  | --rfj (boolean)\\\\n\\\\n      Produce JSON formatted data from a command\\\\n\\\\n   --help  | -h (boolean)\\\\n\\\\n      Display help text\\\\n\\\\n\\"
}"
`;

exports[`provisioning provision should fail with invalid option 1`] = `
"Command Error:
Unknown argument: foo-bar
Command failed due to improper syntax
Command entered: \\"zowe provisioning provision template --foo-bar true --fooBar true\\"
Available commands are \\"template\\".
Use \\"zowe provisioning provision --help\\" to view groups, commands, and options.
Error Details:
Unknown argument: foo-bar
"
`;

exports[`provisioning provision should fail with invalid option 2`] = `""`;

exports[`provisioning provision should fail with invalid parameter 1`] = `
"Command Error:
Unknown argument: foobar
Command failed due to improper syntax
Command entered: \\"zowe provisioning provision foobar\\"
Available commands are \\"template\\".
Use \\"zowe provisioning provision --help\\" to view groups, commands, and options.
Error Details:
Unknown argument: foobar
"
`;

exports[`provisioning provision should fail with invalid parameter 2`] = `""`;
